{
  "subjects": [
    {
      "uri": "jbr:seferhamitzvot-1-23",
      "tags": [
        {
          "span": "24-25",
          "uri": "tanach-4-18-23"
        },
        {
          "span": "42-43",
          "uri": "tanach-4-18-23"
        },
        {
          "span": "87-93",
          "uri": "tanach-5-18-7"
        }
      ]
    },
    {
      "uri": "jbr:seferhamitzvot-1-24",
      "tags": [
        {
          "span": "24-31",
          "uri": "tanach-2-30-19"
        },
        {
          "span": "34-37",
          "uri": "tanach-2-30-20"
        },
        {
          "span": "66-69",
          "uri": "tanach-2-30-20"
        }
      ]
    }
  ]
}