{
  "subjects": [
    {
      "uri": "jbr:seferhamitzvot-1-3",
      "tags": [
        {
          "span": "27-30",
          "uri": "tanach-5-6-5"
        },
        {
          "span": "41-49",
          "uri": "tanach-5-6-6"
        },
        {
          "span": "137-141",
          "uri": "tanach-1-12-5"
        }
      ]
    },
    {
      "uri": "jbr:seferhamitzvot-1-4",
      "tags": [
        {
          "span": "25-28",
          "uri": "tanach-5-6-13"
        },
        {
          "span": "40-44",
          "uri": "tanach-3-24-16"
        },
        {
          "span": "50-52",
          "uri": "tanach-4-1-17"
        },
        {
          "span": "57-60",
          "uri": "tanach-5-6-13"
        },
        {
          "span": "67-140",
          "uri": "tanach-3-24-16"
        },
        {
          "span": "159-162",
          "uri": "tanach-5-6-13"
        }
      ]
    }
  ]
}