{
  "subjects": [
    {
      "uri": "jbr:seferhamitzvot-1-29",
      "tags": [
        {
          "span": "15-19",
          "uri": "tanach-3-6-6"
        }
      ]
    },
    {
      "uri": "jbr:seferhamitzvot-1-30",
      "tags": [
        {
          "span": "21-24",
          "uri": "tanach-3-6-3"
        },
        {
          "span": "27-29",
          "uri": "tanach-3-6-3"
        }
      ]
    }
  ]
}