{
  "subjects": [
    {
      "uri": "jbr:seferhamitzvot-1-15",
      "tags": [
        {
          "span": "10-13",
          "uri": "tanach-5-6-9"
        }
      ]
    },
    {
      "uri": "jbr:seferhamitzvot-1-16",
      "tags": [
        {
          "span": "22-25",
          "uri": "tanach-5-31-12"
        }
      ]
    }
  ]
}