{
  "subjects": [
    {
      "uri": "jbr:seferhamitzvot-1-35",
      "tags": [
        {
          "span": "20-28",
          "uri": "tanach-3-21-10"
        },
        {
          "span": "72-78",
          "uri": "tanach-2-30-31"
        }
      ]
    },
    {
      "uri": "jbr:seferhamitzvot-1-36",
      "tags": [
        {
          "span": "54-56",
          "uri": "tanach-5-18-6"
        },
        {
          "span": "60-63",
          "uri": "tanach-5-18-6"
        },
        {
          "span": "66-69",
          "uri": "tanach-5-18-7"
        },
        {
          "span": "72-74",
          "uri": "tanach-5-18-8"
        },
        {
          "span": "79-82",
          "uri": "tanach-5-18-6"
        },
        {
          "span": "89-90",
          "uri": "tanach-5-18-6"
        },
        {
          "span": "114-117",
          "uri": "tanach-5-18-8"
        }
      ]
    }
  ]
}