{
  "subjects": [
    {
      "uri": "jbr:seferhamitzvot-1-11",
      "tags": [
        {
          "span": "14-15",
          "uri": "tanach-5-6-7"
        },
        {
          "span": "28-30",
          "uri": "tanach-11-2-3"
        },
        {
          "span": "35-35",
          "uri": "tanach-5-6-7"
        },
        {
          "span": "59-62",
          "uri": "tanach-5-5-1"
        },
        {
          "span": "81-84",
          "uri": "tanach-5-11-19"
        }
      ]
    },
    {
      "uri": "jbr:seferhamitzvot-1-12",
      "tags": [
        {
          "span": "13-16",
          "uri": "tanach-2-13-16"
        },
        {
          "span": "13-16",
          "uri": "tanach-5-6-8"
        }
      ]
    }
  ]
}