{
  "subjects": [
    {
      "uri": "jbr:seferhamitzvot-1-39",
      "tags": [
        {
          "span": "18-21",
          "uri": "tanach-4-28-3"
        }
      ]
    },
    {
      "uri": "jbr:seferhamitzvot-1-40",
      "tags": [
        {
          "span": "29-32",
          "uri": "tanach-3-6-13"
        }
      ]
    }
  ]
}