{
  "subjects": [
    {
      "uri": "jbr:seferhamitzvot-1-9",
      "tags": [
        {
          "span": "10-13",
          "uri": "tanach-3-22-32"
        },
        {
          "span": "164-171",
          "uri": "tanach-12-29-22"
        },
        {
          "span": "174-181",
          "uri": "tanach-12-29-23"
        },
        {
          "span": "241-244",
          "uri": "tanach-3-22-32"
        }
      ]
    },
    {
      "uri": "jbr:seferhamitzvot-1-10",
      "tags": [
        {
          "span": "12-13",
          "uri": "tanach-5-6-7"
        }
      ]
    }
  ]
}