{
  "subjects": [
    {
      "uri": "jbr:seferhamitzvot-1-27",
      "tags": [
        {
          "span": "13-19",
          "uri": "tanach-2-25-30"
        }
      ]
    },
    {
      "uri": "jbr:seferhamitzvot-1-28",
      "tags": [
        {
          "span": "17-26",
          "uri": "tanach-2-30-7"
        }
      ]
    }
  ]
}