{
  "subjects": [
    {
      "uri": "jbr:seferhamitzvot-1-17",
      "tags": [
        {
          "span": "22-32",
          "uri": "tanach-5-17-18"
        }
      ]
    },
    {
      "uri": "jbr:seferhamitzvot-1-18",
      "tags": [
        {
          "span": "37-41",
          "uri": "tanach-5-31-19"
        },
        {
          "span": "53-54",
          "uri": "tanach-5-31-19"
        },
        {
          "span": "80-81",
          "uri": "tanach-5-31-19"
        }
      ]
    }
  ]
}