{
  "subjects": [
    {
      "uri": "jbr:seferhamitzvot-1-13",
      "tags": [
        {
          "span": "11-14",
          "uri": "tanach-5-6-8"
        },
        {
          "span": "116-120",
          "uri": "tanach-2-13-9"
        }
      ]
    },
    {
      "uri": "jbr:seferhamitzvot-1-14",
      "tags": [
        {
          "span": "10-12",
          "uri": "tanach-4-15-38"
        },
        {
          "span": "15-18",
          "uri": "tanach-4-15-38"
        },
        {
          "span": "53-55",
          "uri": "tanach-4-15-39"
        }
      ]
    }
  ]
}