{
  "subjects": [
    {
      "uri": "jbr:seferhamitzvot-1-7",
      "tags": [
        {
          "span": "24-25",
          "uri": "tanach-5-6-13"
        },
        {
          "span": "24-25",
          "uri": "tanach-5-10-20"
        },
        {
          "span": "150-151",
          "uri": "tanach-5-6-13"
        },
        {
          "span": "150-151",
          "uri": "tanach-5-10-20"
        },
        {
          "span": "179-180",
          "uri": "tanach-5-6-13"
        },
        {
          "span": "179-180",
          "uri": "tanach-5-10-20"
        }
      ]
    },
    {
      "uri": "jbr:seferhamitzvot-1-8",
      "tags": [
        {
          "span": "12-13",
          "uri": "tanach-5-28-9"
        },
        {
          "span": "21-23",
          "uri": "tanach-5-10-12"
        }
      ]
    }
  ]
}