{
  "subjects": [
    {
      "uri": "jbr:seferhamitzvot-1-1",
      "tags": [
        {
          "span": "21-23",
          "uri": "tanach-2-20-2"
        },
        {
          "span": "40-43",
          "uri": "tanach-5-33-4"
        }
      ]
    },
    {
      "uri": "jbr:seferhamitzvot-1-2",
      "tags": [
        {
          "span": "18-23",
          "uri": "tanach-5-6-4"
        }
      ]
    }
  ]
}